Microsoft (R) Macro Assembler Version 5.00                  4/16/9                                                             Page     1-1


 0000				DATA SEGMENT 
 0000  0001 0002 0003 0005	      BUFFER DW 1,2,3,5 
 = 0008				      COUNT EQU $-BUFFER 
 0008  ????			      MAX   DW  ? 
 000A				DATA ENDS 
				 
 0000				STACK SEGMENT PARA STACK 'STACK' 
 0000  0040[			      DB 64 DUP(?) 
	    ??			
			 ]	
				
 = 0040				      TOP   EQU $-STACK 
 0040				STACK ENDS 
				 
 0000				CODE SEGMENT 
				      ASSUME CS: CODE,DS:DATA,SS:STACK 
 0000				START PROC FAR 
 0000  1E			BEGIN: PUSH DS 
 0001  B8 0000			       MOV AX,0 
 0004  50			       PUSH AX 
 0005  B8 ---- R		       MOV AX,DATA 
 0008  8E D8			       MOV DS,AX 
 000A  8E D0			       MOV SS,AX 
 000C  B8 0040			       MOV AX,TOP 
 000F  8B E0			       MOV SP,AX 
 0011  B9 0008			       MOV CX,COUNT 
 0014  8D 1E 0000 R		       LEA BX,BUFFER 
 0018  8B 07			       MOV AX,[BX] 
 001A  43			       INC BX 
 001B  49			       DEC CX 
				       
 001C  3B 07			AGAIN: CMP AX,[BX] 
 001E  7D 02			       JGE NEXT 
 0020  8B 07			       MOV AX,[BX] 
 0022  43			NEXT:  INC BX 
 0023  E2 F7			       LOOP AGAIN 
 0025  CB			       RET 
 0026				 START  ENDP 
 0026				CODE   ENDS 
				END BEGIN 
Microsoft (R) Macro Assembler Version 5.00                  4/16/9                                                             Symbols-1


Segments and Groups:

                N a m e         	Length	 Align	Combine Class

CODE . . . . . . . . . . . . . .  	0026	PARA	NONE	
DATA . . . . . . . . . . . . . .  	000A	PARA	NONE	
STACK  . . . . . . . . . . . . .  	0040	PARA	STACK	'STACK'

Symbols:            

                N a m e         	Type	 Value	 Attr

AGAIN  . . . . . . . . . . . . .  	L NEAR	001C	CODE

BEGIN  . . . . . . . . . . . . .  	L NEAR	0000	CODE
BUFFER . . . . . . . . . . . . .  	L WORD	0000	DATA

COUNT  . . . . . . . . . . . . .  	NUMBER	0008	

MAX  . . . . . . . . . . . . . .  	L WORD	0008	DATA

NEXT . . . . . . . . . . . . . .  	L NEAR	0022	CODE

START  . . . . . . . . . . . . .  	F PROC	0000	CODE	Length = 0026

TOP  . . . . . . . . . . . . . .  	NUMBER	0040	

@FILENAME  . . . . . . . . . . .  	TEXT  4_5		


     37 Source  Lines
     37 Total   Lines
     13 Symbols

  50150 + 416314 Bytes symbol space free

      0 Warning Errors
      0 Severe  Errors
